// Jest Snapshot v1, https://goo.gl/fbAQLP

exports[`NotFound should match the snapshot 1`] = `
<div>
  <h2>
    Page not found.
  </h2>
  <br />
  <p>
    Resource not found.
  </p>
</div>
`;
